
> temp-app@0.0.0 build
> tsc -b && vite build

src/components/Register.tsx(31,3): error TS1232: An import declaration can only be used at the top level of a namespace or module.
vite.config.ts(6,30): error TS6198: All destructured elements are unused.
